// Jest Snapshot v1, https://goo.gl/fbAQLP

exports[`Given An Animal service Get a request to delete an animal Then it should return the right data 1`] = `""`;
